app/(tabs)/challenges.tsx(154,75): error TS2769: No overload matches this call.
  Overload 1 of 2, '(props: ViewProps): View', gave the following error.
    Type '{ width: `${number}%` | "undefined%"; backgroundColor: string; }' is not assignable to type 'ViewStyle | Falsy | RegisteredStyle<ViewStyle> | RecursiveArray<ViewStyle | Falsy | RegisteredStyle<ViewStyle>> | readonly (ViewStyle | ... 1 more ... | RegisteredStyle<...>)[]'.
      Types of property 'width' are incompatible.
        Type '`${number}%` | "undefined%"' is not assignable to type 'DimensionValue | undefined'.
          Type '"undefined%"' is not assignable to type 'DimensionValue | undefined'.
  Overload 2 of 2, '(props: ViewProps, context: any): View', gave the following error.
    Type '{ width: `${number}%` | "undefined%"; backgroundColor: string; }' is not assignable to type 'ViewStyle | Falsy | RegisteredStyle<ViewStyle> | RecursiveArray<ViewStyle | Falsy | RegisteredStyle<ViewStyle>> | readonly (ViewStyle | ... 1 more ... | RegisteredStyle<...>)[]'.
      Types of property 'width' are incompatible.
        Type '`${number}%` | "undefined%"' is not assignable to type 'DimensionValue | undefined'.
          Type '"undefined%"' is not assignable to type 'DimensionValue | undefined'.
app/(tabs)/zen.tsx(226,79): error TS2345: Argument of type '{ container: { flex: number; alignItems: "center"; justifyContent: "center"; }; glow: { position: "absolute"; width: number; height: number; borderRadius: number; blurRadius: number; }; nav: { position: "absolute"; top: number; left: number; zIndex: number; }; ... 21 more ...; hint: { ...; }; }' is not assignable to parameter of type '{ container: { flex: number; alignItems: "center"; justifyContent: "center"; }; glow: { position: "absolute"; width: number; height: number; borderRadius: number; blurRadius: number; }; nav: { position: "absolute"; top: number; left: number; zIndex: number; }; ... 21 more ...; hint: { ...; }; } & NamedStyles<...>'.
  Property 'glow' is incompatible with index signature.
    Object literal may only specify known properties, and 'blurRadius' does not exist in type 'ViewStyle | TextStyle | ImageStyle'.
src/components/dashboard/MoodGarden.tsx(90,38): error TS2304: Cannot find name 'ActivityIndicator'.
