app/(tabs)/analytics.tsx(12,19): error TS2339: Property 'isDark' does not exist on type 'ThemeContextType'.
app/(tabs)/assessment.tsx(9,19): error TS2339: Property 'isDark' does not exist on type 'ThemeContextType'.
app/(tabs)/dashboard.tsx(26,19): error TS2339: Property 'isDark' does not exist on type 'ThemeContextType'.
app/(tabs)/resources.tsx(9,19): error TS2339: Property 'isDark' does not exist on type 'ThemeContextType'.
app/(tabs)/resources.tsx(23,91): error TS2304: Cannot find name 'ShieldAlert'.
app/(tabs)/resources.tsx(53,41): error TS2339: Property 'priority' does not exist on type '{ name: string; desc: string; icon: LucideIcon; contact: string; priority: boolean; } | { name: string; desc: string; icon: any; contact: string; priority?: undefined; } | { name: string; desc: string; icon: LucideIcon; type: string; }'.
  Property 'priority' does not exist on type '{ name: string; desc: string; icon: LucideIcon; type: string; }'.
app/(tabs)/resources.tsx(54,26): error TS2339: Property 'priority' does not exist on type '{ name: string; desc: string; icon: LucideIcon; contact: string; priority: boolean; } | { name: string; desc: string; icon: any; contact: string; priority?: undefined; } | { name: string; desc: string; icon: LucideIcon; type: string; }'.
  Property 'priority' does not exist on type '{ name: string; desc: string; icon: LucideIcon; type: string; }'.
app/(tabs)/resources.tsx(57,79): error TS2339: Property 'priority' does not exist on type '{ name: string; desc: string; icon: LucideIcon; contact: string; priority: boolean; } | { name: string; desc: string; icon: any; contact: string; priority?: undefined; } | { name: string; desc: string; icon: LucideIcon; type: string; }'.
  Property 'priority' does not exist on type '{ name: string; desc: string; icon: LucideIcon; type: string; }'.
app/(tabs)/resources.tsx(58,54): error TS2339: Property 'priority' does not exist on type '{ name: string; desc: string; icon: LucideIcon; contact: string; priority: boolean; } | { name: string; desc: string; icon: any; contact: string; priority?: undefined; } | { name: string; desc: string; icon: LucideIcon; type: string; }'.
  Property 'priority' does not exist on type '{ name: string; desc: string; icon: LucideIcon; type: string; }'.
app/(tabs)/resources.tsx(63,27): error TS2339: Property 'contact' does not exist on type '{ name: string; desc: string; icon: LucideIcon; contact: string; priority: boolean; } | { name: string; desc: string; icon: any; contact: string; priority?: undefined; } | { name: string; desc: string; icon: LucideIcon; type: string; }'.
  Property 'contact' does not exist on type '{ name: string; desc: string; icon: LucideIcon; type: string; }'.
app/(tabs)/resources.tsx(64,71): error TS2339: Property 'priority' does not exist on type '{ name: string; desc: string; icon: LucideIcon; contact: string; priority: boolean; } | { name: string; desc: string; icon: any; contact: string; priority?: undefined; } | { name: string; desc: string; icon: LucideIcon; type: string; }'.
  Property 'priority' does not exist on type '{ name: string; desc: string; icon: LucideIcon; type: string; }'.
app/(tabs)/resources.tsx(65,31): error TS2339: Property 'contact' does not exist on type '{ name: string; desc: string; icon: LucideIcon; contact: string; priority: boolean; } | { name: string; desc: string; icon: any; contact: string; priority?: undefined; } | { name: string; desc: string; icon: LucideIcon; type: string; }'.
  Property 'contact' does not exist on type '{ name: string; desc: string; icon: LucideIcon; type: string; }'.
src/components/dashboard/RecommendationCard.tsx(24,19): error TS2339: Property 'isDark' does not exist on type 'ThemeContextType'.
src/components/dashboard/StatCard.tsx(20,19): error TS2339: Property 'isDark' does not exist on type 'ThemeContextType'.
